<!DOCTYPE html>
<html>
<head>
	<meta charset="utf-8">
	<link rel="stylesheet" type="text/css" href="assets/css/style.css">
	<title>
		Golden
	</title>
</head>
<body>
	<header>
		<div class="container">
			<div class="heading clearfix">
				<img class="logo" src="assets/images/logo.png">
				<nav>
					<ul class="menu">
						<li>
							<a href="#">Home</a>
						</li>
						<li>
							<a href="#">Services</a>
						</li>
						<li>
							<a href="#">Portfolio</a>
						</li>
						<li>
							<a href="#">About</a>
						</li>
						<li>
							<a href="#">Contact</a>
						</li>
					</ul>
				</nav>
			</div>
			<div class="titles">
				<div class="titles__first">
					Welcome To Our Studio! 
				</div>
				<h1>
					It's nice to Meet you
				</h1>
			</div>
			<a class="button" href="">TELL ME MORE</a>
		</div>
	</header>
	<section>
		<div class="container">
			<div class="title">
				<h2>
					Services
				</h2>
				<p>
					Proin iaculis purus consequat sem cure. 
				</p>
			</div>
			<div class="rewards clearfix">
				<div class="rewards__el">
					<img class="rewards__logo" src="assets/images/icon1.png">
					<h3>E-Commerce</h3>
					<p>Proin iaculis purus consequat sem cure 
digni ssim. Donec porttitora entum suscipit 
aenean rhoncus posuere odio in tincidunt.</p>
				</div>
				<div class="rewards__el">
					<img class="rewards__logo" src="assets/images/icon2.png">
					<h3>Responsive Web</h3>
					<p>Proin iaculis purus consequat sem cure 
digni ssim. Donec porttitora entum suscipit 
aenean rhoncus posuere odio in tincidunt.</p>
				</div>
				<div class="rewards__el__last ">
					<img class="rewards__logo" src="assets/images/icon3.png">
					<h3>Web Security</h3>
					<p>Proin iaculis purus consequat sem cure 
digni ssim. Donec porttitora entum suscipit 
aenean rhoncus posuere odio in tincidunt.</p>
				</div>
			</div>
		</div>
	</section>
	<section>
		<div class="sec__second">
			<div class="container">
				<div class="title">
					<h2>
						Our portfolio
					</h2>
					<p>
						Proin iaculis purus consequat sem cure. 
					</p>
				</div>
				<div class="img clearfix">
					<img class="img__el" src="assets/images/img1.jpg">
					<img class="img__el" src="assets/images/img2.jpg">
					<img class="img__el__last" src="assets/images/img3.jpg">
				</div>
			</div>
		</div>
	</section>
	<section>
		<div class="container">
			<div class="title">
					<h2>
						About Us
					</h2>
					<p>
						Proin iaculis purus consequat sem cure.
					</p>
				</div>
			<div class="about clearfix">
				<div class="about__el__left clearfix">
					<div class="about__content__left">
					<h4>
									July 2010<br>
						Our Humble Beginnings
					</h4>
					<p class="about__me__left">
						Proin iaculis purus consequat sem cure 
digni ssim. Donec porttitora entum suscipit 
aenean rhoncus posuere odio in tincidunt. Proin 
iaculis purus consequat sem cure digni 
ssim. Donec porttitora entum suscipit.
					</p>
					</div>
					<img class="about__img__left" src="assets/images/about1.jpg">
				</div>
				<div class="about__el__right clearfix">
					<div class="about__content__right">
					<h4>
									January 2011<br>
							Facing Startup Battles
					</h4>
					<p class="about__me__right">
						Proin iaculis purus consequat sem cure 
digni ssim. Donec porttitora entum suscipit 
aenean rhoncus posuere odio in tincidunt. Proin 
iaculis purus consequat sem cure digni 
ssim. 
					</p>
					</div>
					<img class="about__img__right " src="assets/images/about2.jpg">
				</div>
				<div class="about__el__left clearfix">
					<div class="about__content__left">
					<h4>
									December 2012<br>
Enter The Dark Days
					</h4>
					<p class="about__me__left">
						Proin iaculis purus consequat sem cure 
digni ssim. Donec porttitora entum suscipit 
aenean rhoncus posuere odio in tincidunt. Proin 
iaculis purus consequat sem cure digni 
ssim. Donec porttitora entum suscipit.
					</p>
					</div>
					<img class="about__img__left" src="assets/images/about3.jpg">
				</div>
				<div class="about__el__right clearfix">
					<div class="about__content__right">
					<h4>
									February 2014<br>
										Our Triumph
</h4>
					<p class="about__me__right">
						Proin iaculis purus consequat sem cure 
digni ssim. Donec porttitora entum suscipit 
aenean rhoncus posuere odio in tincidunt. Proin 
iaculis purus consequat sem cure digni 
ssim. D
					</p>
					</div>
					<img class="about__img__right" src="assets/images/about4.jpg">
				</div>
				
			</div>
		</div>
	</section>
	<footer>
		<div class="container">
			<p class="copyright"> Â© Copyright 2014 FreebiesXpress.com</p>
		</div>
	</footer>
</body>
</html>